Success.

Warning: Ignoring unsupported placement value 'transition' for edge '4247655'.
Warning: Ignoring unsupported placement value 'transition' for edge '8062406'.
Warning: Ignoring unsupported placement value 'transition' for edge '24469322'.
Warning: Unknown lane use specifier '' ignored for way '28903495'
Warning: Unknown lane use specifier '' ignored for way '28903495'
Warning: Unknown lane use specifier '' ignored for way '28903495'
Warning: Unknown lane use specifier '' ignored for way '28903495'
Warning: Unknown lane use specifier '' ignored for way '28903675'
Warning: Ignoring unsupported placement value 'transition' for edge '30148210'.
Warning: Ignoring unsupported placement value 'transition' for edge '43512381'.
Warning: Discarding unknown compound 'psv' in type 'highway.unclassified|psv' (first occurrence for edge '4247505').
Warning: Discarding unknown compound 'cycleway.lane' in type 'cycleway.lane|highway.tertiary' (first occurrence for edge '4247672').
Warning: Discarding unknown compound 'cycleway.lane' in type 'cycleway.lane|highway.residential' (first occurrence for edge '5069427').
Warning: Discarding unknown compound 'bus' in type 'bus|highway.unclassified' (first occurrence for edge '5231621').
Warning: Discarding unknown compound 'cycleway.lane' in type 'cycleway.lane|highway.secondary' (first occurrence for edge '5236092').
Warning: Discarding unusable type 'highway.platform|railway.platform' (first occurrence for edge '26972146').
Warning: Forward lanes count for edge '78315538' ('1') is not matching the number of lanes defined in width:lanes:forward key ('2'). Using default width values.
Warning: Forward lanes count for edge '78315540#0' ('2') is not matching the number of lanes defined in width:lanes:forward key ('3'). Using default width values.
Warning: Forward lanes count for edge '78315540#1' ('2') is not matching the number of lanes defined in width:lanes:forward key ('3'). Using default width values.
Warning: Forward lanes count for edge '78315542' ('1') is not matching the number of lanes defined in width:lanes:forward key ('2'). Using default width values.
Warning: Forward lanes count for edge '78315544#0' ('2') is not matching the number of lanes defined in width:lanes:forward key ('3'). Using default width values.
Warning: Ignoring placement for edge '238166349#0' because lane index '2' is out of range [1, 1].
Warning: Discarding unusable type '' (first occurrence for edge '257670067').
Warning: to-edge '28683198' of restriction relation could not be determined
Warning: Ignoring restriction relation '17544'.
Warning: from-edge '24427774' of restriction relation could not be determined
Warning: Ignoring restriction relation '57473'.
Warning: from-edge '28683198' of restriction relation could not be determined
Warning: Ignoring restriction relation '58753'.
Warning: direction of restriction relation could not be determined
Warning: Ignoring restriction relation '58950'.
Warning: direction of restriction relation could not be determined
Warning: Ignoring restriction relation '58967'.
Warning: from-edge '4281134' of restriction relation could not be determined
Warning: to-edge '4281134' of restriction relation could not be determined
Warning: direction of restriction relation could not be determined
Warning: direction of restriction relation could not be determined
Warning: from-edge '78315546' of restriction relation could not be determined
Warning: direction of restriction relation could not be determined
Warning: to-edge '166564260' of restriction relation could not be determined
Warning: Ignoring restriction relation '2818346' with unknown type.
Warning: Ignoring restriction relation '2818347' with unknown type.
Warning: to-edge '257670067' of restriction relation could not be determined
Warning: from-edge '78537888' of restriction relation could not be determined
Warning: Ignoring restriction relation '18116254' with unknown via.
Warning: Ignoring restriction relation '21157965' with unknown type.
Warning: Could not find corresponding edge or compatible lane for free-floating pt stop '249350785' (Kamppi, kaukoliikenne). Thus, it will be removed!
Warning: Could not find corresponding edge or compatible lane for free-floating pt stop '302561539' (Elielinaukio, laituri 29). Thus, it will be removed!
Warning: Could not find corresponding edge or compatible lane for free-floating pt stop '302573133' (Elielinaukio, laituri 28). Thus, it will be removed!
Warning: Could not find corresponding edge or compatible lane for free-floating pt stop '302573139' (Elielinaukio, laituri 27). Thus, it will be removed!
Warning: Could not find corresponding edge or compatible lane for free-floating pt stop '302573149' (Elielinaukio, laituri 26). Thus, it will be removed!
Warning: Ambiguity in turnarounds computation at junction '1036656231'.
Warning: Ambiguity in turnarounds computation at junction '10674484382'.
Warning: Ambiguity in turnarounds computation at junction '10675009264'.
Warning: Ambiguity in turnarounds computation at junction '11821194303'.
Warning: Ambiguity in turnarounds computation at junction '11821256171'.
Warning: Found sharp turn with radius 5.43 at the start of edge '-122590749#4'.
Warning: Found sharp turn with radius 7.98 at the end of edge '-127809159#3'.
Warning: Found sharp turn with radius 7.98 at the start of edge '-14472965#0'.
Warning: Found sharp turn with radius 3.75 at the end of edge '-32757187#1'.
Warning: Found sharp turn with radius 4.60 at the start of edge '-35144187#1'.
Warning: Converting invalid rail_crossing to priority junction '11752415202'.
Warning: Converting invalid rail_crossing to priority junction '11766508191'.
Warning: Converting invalid rail_crossing to priority junction '1529213568'.
Warning: Converting invalid rail_crossing to priority junction '189340983'.
Warning: Converting invalid rail_crossing to priority junction '257701002'.
Warning: Replacing loaded roundabout '1041615757#0 1041615757#1 1218609091 525240098#0 525240098#1 525240098#2' with '1041615757#0 1041615757#1 1218609091 525240098#0 525240098#1'.
Warning: Lane '-142106401#2_0' is not connected from any incoming edge at junction '1555312217'.
Warning: Lane '-28187856_0' is not connected from any incoming edge at junction '1387141320'.
Warning: Lane '-28968814_0' is not connected from any incoming edge at junction '318483142'.
Warning: Lane '1189821978_0' is not connected from any incoming edge at junction '310641651'.
Warning: Edge '142106401#2' is not connected to outgoing edges at junction '1555312217'.
Warning: Lane '21567187_0' is not connected from any incoming edge at junction '1385680095'.
Warning: Edge '8034257' is not connected to outgoing edges at junction '1517196391'.
Warning: The traffic light '293889289' does not control any links; it will not be build.
Warning: Could not build program '0' for traffic light '293889289'
Warning: The traffic light '313775019' does not control any links; it will not be build.
Warning: Could not build program '0' for traffic light '313775019'
Warning: The traffic light '317676856' does not control any links; it will not be build.
Warning: Could not build program '0' for traffic light '317676856'
Warning: The traffic light '333533547' does not control any links; it will not be build.
Warning: Could not build program '0' for traffic light '333533547'
Warning: The traffic light '4861408586' does not control any links; it will not be build.
Warning: Could not build program '0' for traffic light '4861408586'
Warning: Speed of straight connection '87508458#0_0->87508430_0' reduced by 6.59 due to turning radius of 9.69 (length=4.10, angle=41.45).
Warning: Speed of straight connection '23254228#1_0->139916988_0' reduced by 6.08 due to turning radius of 11.08 (length=7.29, angle=55.65).
Warning: Speed of straight connection '285203000#0_0->285203000#1_0' reduced by 5.24 due to turning radius of 6.26 (length=1.58, angle=31.53).
Warning: 26 total messages of type: Ambiguity in turnarounds computation at junction '%'.
Warning: 9 total messages of type: Converting invalid rail_crossing to priority junction '%'.
Warning: 6 total messages of type: Could not build program '%' for traffic light '%'
Warning: 25 total messages of type: Could not find corresponding edge or compatible lane for free-floating pt stop '%' (%). Thus, it will be removed!
Warning: 41 total messages of type: Discarding unknown compound '%' in type '%' (first occurrence for edge '%').
Warning: 12 total messages of type: Forward lanes count for edge '%' ('%') is not matching the number of lanes defined in width:lanes:forward key ('%'). Using default width values.
Warning: 25 total messages of type: Found sharp turn with radius % at the % of edge '%'.
Warning: 18 total messages of type: Ignoring restriction relation '%'.
Warning: 16 total messages of type: Ignoring unsupported placement value '%' for edge '%'.
Warning: 8 total messages of type: Lane '%' is not connected from any incoming edge at junction '%'.
Warning: 6 total messages of type: The traffic light '%' does not control any links; it will not be build.
Warning: 18 total messages of type: Unknown lane use specifier '%' ignored for way '%'
Warning: 8 total messages of type: direction of restriction relation could not be determined%
Warning: 6 total messages of type: from-edge '%' of restriction relation could not be determined
