{
  "version": "1",
  "case_count": 48,
  "motif_count": 12,
  "variants_per_group": 4,
  "splits": {
    "train": [
      "dual_corridor",
      "single_bridge",
      "isolated_zone",
      "reverse_direction",
      "transfer",
      "grade_separation"
    ],
    "dev": [
      "time_boundary",
      "vehicle_class",
      "missing_data"
    ],
    "test": [
      "zero_disturbance",
      "candidate_noise",
      "multi_relation"
    ]
  },
  "inputs_sha256": "acc3ee84b796b22ffc51947497b23157481073641939fec04ba547b34c4e979d",
  "labels_sha256": "4f8813347b34752d6e7e28a1c4cf5a6f2b3b08f6339a073843cae0ef4b03620b",
  "label_method": "independent exhaustive edge-simple path enumeration; synthetic machine labels, not human labels",
  "setting": "post-analysis affected-facility retrieval. Shared routing facts may enter graph; no physical prediction claim.",
  "model_inputs_allowlist": [
    "objective",
    "relation semantic definitions"
  ],
  "model_inputs_denylist": [
    "labels",
    "heldout outcomes",
    "city geometry",
    "facility observations"
  ],
  "frozen_hyperparameters": {
    "alpha": 0.85,
    "epsilon": 0.1,
    "rank_key": "absolute delta_attention descending; object_id tie-break",
    "top_k": [
      10,
      20
    ],
    "sensitivity": "NOT_RUN; no test-tuned profile"
  },
  "claim_limitations": [
    "Only3 heldout motifs; descriptive grouped summaries, no significance/generalization claim.",
    "A0 physical facts provide direct affected-facility baseline in post-analysis setting.",
    "All data synthetic; real-city evidence audited separately."
  ]
}
